// Vitest Snapshot v1, https://vitest.dev/guide/snapshot.html

exports[`docs > custom validator 1`] = `
{
  "addresses": [
    "Address is required",
  ],
  "contacts": [
    {
      "code": "Code is required",
      "number": "Number is required",
    },
  ],
  "email": "Email is required",
  "name": "Name is required",
}
`;

exports[`docs > custom validator 2`] = `{}`;

exports[`docs > yup 1`] = `
{
  "addresses[0]": "Address is required",
  "contacts[0].code": "Code is required",
  "contacts[0].number": "Number is required",
  "email": "Email is required",
  "name": "Name is required",
}
`;

exports[`docs > yup 2`] = `{}`;
