// Vitest Snapshot v1, https://vitest.dev/guide/snapshot.html

exports[`useFormik input actions > handleChange > should set field value 1`] = `
{
  "contacts": "9876543210",
}
`;

exports[`useFormik input actions > handleChange > should set field value 2`] = `
{
  "contacts": [
    "9876543210",
  ],
}
`;

exports[`useFormik input actions > handleChange > should set field value 3`] = `
{
  "contacts": [
    {
      "code": "",
      "number": "9876543210",
    },
  ],
}
`;

exports[`useFormik input actions > handleChange > should set the field as touched 1`] = `{}`;
