// Vitest Snapshot v1, https://vitest.dev/guide/snapshot.html

exports[`yupValidation > should validate array field with validation schema 1`] = `
{
  "contacts[0]": "Contact is required",
  "contacts[1]": "Contact is required",
}
`;

exports[`yupValidation > should validate form with validation schema 1`] = `
{
  "contact": "Contact is required",
}
`;

exports[`yupValidation > should validate object array field with validation schema 1`] = `
{
  "contacts[0].code": "Code is required",
  "contacts[0].number": "Number is required",
  "contacts[1].code": "Code is required",
  "contacts[1].number": "Number is required",
}
`;

exports[`yupValidation > should validate object field with validation schema 1`] = `
{
  "contact.code": "Code is required",
  "contact.number": "Number is required",
}
`;
